// Jest Snapshot v1, https://goo.gl/fbAQLP

exports[`Page404 should render without crashing and match snapshot 1`] = `
<div>
  Page not found
</div>
`;
